 File "skimage\restoration\rolling_ball.py", line 3, in <module>
ImportError: DLL load failed while importing _rolling_ball_cy: The specified module could not be found.
[2244] Failed to execute script Diopomat